
> fortunetrade@0.1.0 build
> react-scripts build

Creating an optimized production build...
Failed to compile.

Decoded empty but hex not empty


